unused: func$wasm_func_4$3
unused: outside_js_function1
unused: wasm_export4
